
==== ШАГ 1. Стартовое состояние ====
+ Cluster: postgres-cluster (7651349747773755423) -+-------------+-----+------------+-----+
| Member    | Host      | Role    | State     | TL | Receive LSN | Lag | Replay LSN | Lag |
+-----------+-----------+---------+-----------+----+-------------+-----+------------+-----+
| postgres1 | postgres1 | Leader  | running   |  5 |             |     |            |     |
| postgres2 | postgres2 | Replica | streaming |  5 |  1/828534B8 |   0 | 1/828534B8 |   0 |
+-----------+-----------+---------+-----------+----+-------------+-----+------------+-----+

==== ШАГ 2. Доступность через HAProxy ДО отказа ====
172.18.0.6/32|2026-06-16 12:54:16.008563+00

==== ШАГ 3. ИНЪЕКЦИЯ: docker kill postgres1 ====
postgres1

==== ШАГ 4. Ждём failover (до 60 с) ====
  попытка 1
  попытка 2
  попытка 3
  попытка 4
  попытка 5
  попытка 6
  попытка 7
  попытка 8
  попытка 9
  попытка 10
primary: postgres2 (через 23 с)
FAILOVER да
+ Cluster: postgres-cluster (7651349747773755423) ------------+-----+------------+-----+
| Member    | Host      | Role   | State   | TL | Receive LSN | Lag | Replay LSN | Lag |
+-----------+-----------+--------+---------+----+-------------+-----+------------+-----+
| postgres2 | postgres2 | Leader | running |  6 |             |     |            |     |
+-----------+-----------+--------+---------+----+-------------+-----+------------+-----+
psql: error: connection to server at "127.0.0.1", port 15432 failed: server closed the connection unexpectedly
	This probably means the server terminated abnormally
	before or while processing the request.
172.18.0.5/32|2026-06-16 12:54:41.219125+00
172.18.0.5/32|2026-06-16 12:54:42.258558+00
+ Cluster: postgres-cluster (7651349747773755423) -+-------------+-----+------------+-----+
| Member    | Host      | Role    | State     | TL | Receive LSN | Lag | Replay LSN | Lag |
+-----------+-----------+---------+-----------+----+-------------+-----+------------+-----+
| postgres1 | postgres1 | Replica | streaming |  6 |  1/82934000 |   0 | 1/82932490 |   0 |
| postgres2 | postgres2 | Leader  | running   |  6 |             |     |            |     |
+-----------+-----------+---------+-----------+----+-------------+-----+------------+-----+
Лог: chaos/logs/scenario1_20260616_155415.log
